
[1m[46m RUN [49m[22m [36mv4.0.18 [39m[90mC:/JagsProjects/unformat.online.shredder[39m

 [31mΓ¥»[39m lib/file-processing.test.ts [2m([22m[2m9 tests[22m[2m | [22m[31m1 failed[39m[2m)[22m[32m 127[2mms[22m[39m
       [32mΓ£ô[39m should identify images[32m 8[2mms[22m[39m
       [32mΓ£ô[39m should identify PDFs[32m 1[2mms[22m[39m
       [32mΓ£ô[39m should identify Text/Developer files[32m 2[2mms[22m[39m
[31m       [31m├ù[31m should detect high risk tags (GPS, Face)[39m[32m 95[2mms[22m[39m
       [32mΓ£ô[39m should detect PDF metadata[32m 1[2mms[22m[39m
       [32mΓ£ô[39m should redact IPv4 addresses[32m 5[2mms[22m[39m
       [32mΓ£ô[39m should redact Email addresses[32m 3[2mms[22m[39m
       [32mΓ£ô[39m should redact API Keys[32m 1[2mms[22m[39m
       [32mΓ£ô[39m should redact Auth Headers[32m 2[2mms[22m[39m
 [32mΓ£ô[39m app/page.test.tsx [2m([22m[2m2 tests[22m[2m)[22m[33m 1674[2mms[22m[39m
     [33m[2mΓ£ô[22m[39m should handle full shredding flow [33m 1461[2mms[22m[39m

[2m Test Files [22m [1m[31m1 failed[39m[22m[2m | [22m[1m[32m1 passed[39m[22m[90m (2)[39m
[2m      Tests [22m [1m[31m1 failed[39m[22m[2m | [22m[1m[32m10 passed[39m[22m[90m (11)[39m
[2m   Start at [22m 13:10:28
[2m   Duration [22m 7.89s[2m (transform 853ms, setup 1.08s, import 2.97s, tests 1.80s, environment 6.32s)[22m

